[root@ip-10-1-10-91 ec2-user]# mysql -h udacity.c7yclxim1egh.ca-central-1.rds.amazonaws.com -P 3306 -u admin -p
Enter password:
Welcome to the MySQL monitor.  Commands end with ; or \g.
Your MySQL connection id is 35
Server version: 8.0.17 Source distribution

Copyright (c) 2000, 2019, Oracle and/or its affiliates. All rights reserved.

Oracle is a registered trademark of Oracle Corporation and/or its
affiliates. Other names may be trademarks of their respective
owners.

Type 'help;' or '\h' for help. Type '\c' to clear the current input statement.

mysql> CREATE DATABASE BookDB
    ->

^C
mysql> CREATE DATABASE BooksDB;
Query OK, 1 row affected (0.02 sec)

mysql> show databases;
+--------------------+
| Database           |
+--------------------+
| BooksDB            |
| information_schema |
| mysql              |
| performance_schema |
+--------------------+
4 rows in set (0.00 sec)

mysql> use BooksDB
Database changed
mysql> CREATE TABLE IF NOT EXISTS books (
    -> book_id INT AUTO_INCREMENT,
    -> title VARCHAR(255) NOT NULL,
    -> author VARCHAR(255),
    -> publish_date DATE,
    -> description TEXT,
    -> PRIMARY KEY (book_id)
    -> ) ENGINE = INNODB;
Query OK, 0 rows affected (0.05 sec)

mysql> show tables;
+-------------------+
| Tables_in_BooksDB |
+-------------------+
| books             |
+-------------------+
1 row in set (0.00 sec)

mysql> INSERT INTO books (title,author) VALUES ('Learn AWS RDS',John Smith);
ERROR 1064 (42000): You have an error in your SQL syntax; check the manual that corresponds to your MySQL server version for the right syntax to use near 'Smith)' at line 1
mysql> INSERT INTO books (title,author) VALUES ('Learn AWS RDS','John Smith');
Query OK, 1 row affected (0.01 sec)

mysql> INSERT INTO books (title,author) VALUES ('MySQL Tips and Tricks','Mary Jane');
Query OK, 1 row affected (0.01 sec)

mysql> Select * from books;
+---------+-----------------------+------------+--------------+-------------+
| book_id | title                 | author     | publish_date | description |
+---------+-----------------------+------------+--------------+-------------+
|       1 | Learn AWS RDS         | John Smith | NULL         | NULL        |
|       2 | MySQL Tips and Tricks | Mary Jane  | NULL         | NULL        |
+---------+-----------------------+------------+--------------+-------------+
2 rows in set (0.00 sec)

mysql>
